// Jest Snapshot v1, https://goo.gl/fbAQLP

exports[`Dashboard Basic component behaviour should match snapshot 1`] = `
<div>
  <div>
    Dashboard Content
  </div>
</div>
`;
