// Jest Snapshot v1, https://goo.gl/fbAQLP

exports[`Header Basic component behaviour should match snapshot 1`] = `
<div>
  <header>
    App Header
  </header>
</div>
`;
