// Jest Snapshot v1, https://goo.gl/fbAQLP

exports[`App Basic component behaviour should match snapshot 1`] = `
<div>
  <div>
    Application header
  </div>
  <div>
    Application content
  </div>
</div>
`;
